// Jest Snapshot v1, https://goo.gl/fbAQLP

exports[`buildPurchaseList should run 1`] = `
[
  {
    "acquiredSatoshis": 10000000000,
    "amountInEur": 100,
    "btcUsdRate": 1,
    "date": 2020-01-01T00:00:00.000Z,
    "usdEurRate": 1,
  },
  {
    "acquiredSatoshis": 2500000000,
    "amountInEur": 100,
    "btcUsdRate": 2,
    "date": 2021-01-01T00:00:00.000Z,
    "usdEurRate": 2,
  },
  {
    "acquiredSatoshis": 1111111111,
    "amountInEur": 100,
    "btcUsdRate": 3,
    "date": 2022-01-01T00:00:00.000Z,
    "usdEurRate": 3,
  },
  {
    "acquiredSatoshis": 625000000,
    "amountInEur": 100,
    "btcUsdRate": 4,
    "date": 2023-01-01T00:00:00.000Z,
    "usdEurRate": 4,
  },
]
`;
