// Jest Snapshot v1, https://goo.gl/fbAQLP

exports[`buildPurchaseRequestList should calculate list for a daily plan 1`] = `
[
  {
    "amountInEur": 1,
    "date": 2022-03-02T00:00:00.000Z,
  },
  {
    "amountInEur": 1,
    "date": 2022-03-03T00:00:00.000Z,
  },
  {
    "amountInEur": 1,
    "date": 2022-03-04T00:00:00.000Z,
  },
  {
    "amountInEur": 1,
    "date": 2022-03-05T00:00:00.000Z,
  },
  {
    "amountInEur": 1,
    "date": 2022-03-06T00:00:00.000Z,
  },
  {
    "amountInEur": 1,
    "date": 2022-03-07T00:00:00.000Z,
  },
  {
    "amountInEur": 1,
    "date": 2022-03-08T00:00:00.000Z,
  },
  {
    "amountInEur": 1,
    "date": 2022-03-09T00:00:00.000Z,
  },
  {
    "amountInEur": 1,
    "date": 2022-03-10T00:00:00.000Z,
  },
  {
    "amountInEur": 1,
    "date": 2022-03-11T00:00:00.000Z,
  },
  {
    "amountInEur": 1,
    "date": 2022-03-12T00:00:00.000Z,
  },
  {
    "amountInEur": 1,
    "date": 2022-03-13T00:00:00.000Z,
  },
  {
    "amountInEur": 1,
    "date": 2022-03-14T00:00:00.000Z,
  },
  {
    "amountInEur": 1,
    "date": 2022-03-15T00:00:00.000Z,
  },
  {
    "amountInEur": 1,
    "date": 2022-03-16T00:00:00.000Z,
  },
  {
    "amountInEur": 1,
    "date": 2022-03-17T00:00:00.000Z,
  },
  {
    "amountInEur": 1,
    "date": 2022-03-18T00:00:00.000Z,
  },
  {
    "amountInEur": 1,
    "date": 2022-03-19T00:00:00.000Z,
  },
  {
    "amountInEur": 1,
    "date": 2022-03-20T00:00:00.000Z,
  },
  {
    "amountInEur": 1,
    "date": 2022-03-21T00:00:00.000Z,
  },
  {
    "amountInEur": 1,
    "date": 2022-03-22T00:00:00.000Z,
  },
  {
    "amountInEur": 1,
    "date": 2022-03-23T00:00:00.000Z,
  },
  {
    "amountInEur": 1,
    "date": 2022-03-24T00:00:00.000Z,
  },
  {
    "amountInEur": 1,
    "date": 2022-03-25T00:00:00.000Z,
  },
  {
    "amountInEur": 1,
    "date": 2022-03-26T00:00:00.000Z,
  },
  {
    "amountInEur": 1,
    "date": 2022-03-27T00:00:00.000Z,
  },
  {
    "amountInEur": 1,
    "date": 2022-03-27T23:00:00.000Z,
  },
  {
    "amountInEur": 1,
    "date": 2022-03-28T23:00:00.000Z,
  },
  {
    "amountInEur": 1,
    "date": 2022-03-29T23:00:00.000Z,
  },
  {
    "amountInEur": 1,
    "date": 2022-03-30T23:00:00.000Z,
  },
  {
    "amountInEur": 1,
    "date": 2022-03-31T23:00:00.000Z,
  },
  {
    "amountInEur": 1,
    "date": 2022-04-01T23:00:00.000Z,
  },
  {
    "amountInEur": 1,
    "date": 2022-04-02T23:00:00.000Z,
  },
  {
    "amountInEur": 1,
    "date": 2022-04-03T23:00:00.000Z,
  },
  {
    "amountInEur": 1,
    "date": 2022-04-04T23:00:00.000Z,
  },
  {
    "amountInEur": 1,
    "date": 2022-04-05T23:00:00.000Z,
  },
  {
    "amountInEur": 1,
    "date": 2022-04-06T23:00:00.000Z,
  },
  {
    "amountInEur": 1,
    "date": 2022-04-07T23:00:00.000Z,
  },
  {
    "amountInEur": 1,
    "date": 2022-04-08T23:00:00.000Z,
  },
  {
    "amountInEur": 1,
    "date": 2022-04-09T23:00:00.000Z,
  },
  {
    "amountInEur": 1,
    "date": 2022-04-10T23:00:00.000Z,
  },
  {
    "amountInEur": 1,
    "date": 2022-04-11T23:00:00.000Z,
  },
  {
    "amountInEur": 1,
    "date": 2022-04-12T23:00:00.000Z,
  },
  {
    "amountInEur": 1,
    "date": 2022-04-13T23:00:00.000Z,
  },
  {
    "amountInEur": 1,
    "date": 2022-04-14T23:00:00.000Z,
  },
  {
    "amountInEur": 1,
    "date": 2022-04-15T23:00:00.000Z,
  },
  {
    "amountInEur": 1,
    "date": 2022-04-16T23:00:00.000Z,
  },
  {
    "amountInEur": 1,
    "date": 2022-04-17T23:00:00.000Z,
  },
  {
    "amountInEur": 1,
    "date": 2022-04-18T23:00:00.000Z,
  },
  {
    "amountInEur": 1,
    "date": 2022-04-19T23:00:00.000Z,
  },
  {
    "amountInEur": 1,
    "date": 2022-04-20T23:00:00.000Z,
  },
  {
    "amountInEur": 1,
    "date": 2022-04-21T23:00:00.000Z,
  },
  {
    "amountInEur": 1,
    "date": 2022-04-22T23:00:00.000Z,
  },
  {
    "amountInEur": 1,
    "date": 2022-04-23T23:00:00.000Z,
  },
  {
    "amountInEur": 1,
    "date": 2022-04-24T23:00:00.000Z,
  },
  {
    "amountInEur": 1,
    "date": 2022-04-25T23:00:00.000Z,
  },
  {
    "amountInEur": 1,
    "date": 2022-04-26T23:00:00.000Z,
  },
  {
    "amountInEur": 1,
    "date": 2022-04-27T23:00:00.000Z,
  },
  {
    "amountInEur": 1,
    "date": 2022-04-28T23:00:00.000Z,
  },
  {
    "amountInEur": 1,
    "date": 2022-04-29T23:00:00.000Z,
  },
  {
    "amountInEur": 1,
    "date": 2022-04-30T23:00:00.000Z,
  },
  {
    "amountInEur": 1,
    "date": 2022-05-01T23:00:00.000Z,
  },
  {
    "amountInEur": 1,
    "date": 2022-05-02T23:00:00.000Z,
  },
  {
    "amountInEur": 1,
    "date": 2022-05-03T23:00:00.000Z,
  },
  {
    "amountInEur": 1,
    "date": 2022-05-04T23:00:00.000Z,
  },
  {
    "amountInEur": 1,
    "date": 2022-05-05T23:00:00.000Z,
  },
  {
    "amountInEur": 1,
    "date": 2022-05-06T23:00:00.000Z,
  },
  {
    "amountInEur": 1,
    "date": 2022-05-07T23:00:00.000Z,
  },
  {
    "amountInEur": 1,
    "date": 2022-05-08T23:00:00.000Z,
  },
  {
    "amountInEur": 1,
    "date": 2022-05-09T23:00:00.000Z,
  },
  {
    "amountInEur": 1,
    "date": 2022-05-10T23:00:00.000Z,
  },
  {
    "amountInEur": 1,
    "date": 2022-05-11T23:00:00.000Z,
  },
  {
    "amountInEur": 1,
    "date": 2022-05-12T23:00:00.000Z,
  },
  {
    "amountInEur": 1,
    "date": 2022-05-13T23:00:00.000Z,
  },
  {
    "amountInEur": 1,
    "date": 2022-05-14T23:00:00.000Z,
  },
  {
    "amountInEur": 1,
    "date": 2022-05-15T23:00:00.000Z,
  },
  {
    "amountInEur": 1,
    "date": 2022-05-16T23:00:00.000Z,
  },
  {
    "amountInEur": 1,
    "date": 2022-05-17T23:00:00.000Z,
  },
  {
    "amountInEur": 1,
    "date": 2022-05-18T23:00:00.000Z,
  },
  {
    "amountInEur": 1,
    "date": 2022-05-19T23:00:00.000Z,
  },
  {
    "amountInEur": 1,
    "date": 2022-05-20T23:00:00.000Z,
  },
  {
    "amountInEur": 1,
    "date": 2022-05-21T23:00:00.000Z,
  },
  {
    "amountInEur": 1,
    "date": 2022-05-22T23:00:00.000Z,
  },
  {
    "amountInEur": 1,
    "date": 2022-05-23T23:00:00.000Z,
  },
  {
    "amountInEur": 1,
    "date": 2022-05-24T23:00:00.000Z,
  },
  {
    "amountInEur": 1,
    "date": 2022-05-25T23:00:00.000Z,
  },
  {
    "amountInEur": 1,
    "date": 2022-05-26T23:00:00.000Z,
  },
]
`;

exports[`buildPurchaseRequestList should calculate list for a monthly plan 1`] = `
[
  {
    "amountInEur": 100,
    "date": 2021-02-01T00:00:00.000Z,
  },
  {
    "amountInEur": 100,
    "date": 2021-03-01T00:00:00.000Z,
  },
  {
    "amountInEur": 100,
    "date": 2021-03-31T23:00:00.000Z,
  },
  {
    "amountInEur": 100,
    "date": 2021-04-30T23:00:00.000Z,
  },
  {
    "amountInEur": 100,
    "date": 2021-05-31T23:00:00.000Z,
  },
  {
    "amountInEur": 100,
    "date": 2021-06-30T23:00:00.000Z,
  },
  {
    "amountInEur": 100,
    "date": 2021-07-31T23:00:00.000Z,
  },
  {
    "amountInEur": 100,
    "date": 2021-08-31T23:00:00.000Z,
  },
  {
    "amountInEur": 100,
    "date": 2021-09-30T23:00:00.000Z,
  },
  {
    "amountInEur": 100,
    "date": 2021-11-01T00:00:00.000Z,
  },
  {
    "amountInEur": 100,
    "date": 2021-12-01T00:00:00.000Z,
  },
  {
    "amountInEur": 100,
    "date": 2022-01-01T00:00:00.000Z,
  },
  {
    "amountInEur": 100,
    "date": 2022-02-01T00:00:00.000Z,
  },
  {
    "amountInEur": 100,
    "date": 2022-03-01T00:00:00.000Z,
  },
  {
    "amountInEur": 100,
    "date": 2022-03-31T23:00:00.000Z,
  },
  {
    "amountInEur": 100,
    "date": 2022-04-30T23:00:00.000Z,
  },
  {
    "amountInEur": 100,
    "date": 2022-05-31T23:00:00.000Z,
  },
]
`;

exports[`buildPurchaseRequestList should calculate list for a weekly plan 1`] = `
[
  {
    "amountInEur": 10,
    "date": 2022-01-08T00:00:00.000Z,
  },
  {
    "amountInEur": 10,
    "date": 2022-01-15T00:00:00.000Z,
  },
  {
    "amountInEur": 10,
    "date": 2022-01-22T00:00:00.000Z,
  },
  {
    "amountInEur": 10,
    "date": 2022-01-29T00:00:00.000Z,
  },
  {
    "amountInEur": 10,
    "date": 2022-02-05T00:00:00.000Z,
  },
  {
    "amountInEur": 10,
    "date": 2022-02-12T00:00:00.000Z,
  },
  {
    "amountInEur": 10,
    "date": 2022-02-19T00:00:00.000Z,
  },
  {
    "amountInEur": 10,
    "date": 2022-02-26T00:00:00.000Z,
  },
  {
    "amountInEur": 10,
    "date": 2022-03-05T00:00:00.000Z,
  },
  {
    "amountInEur": 10,
    "date": 2022-03-12T00:00:00.000Z,
  },
  {
    "amountInEur": 10,
    "date": 2022-03-19T00:00:00.000Z,
  },
  {
    "amountInEur": 10,
    "date": 2022-03-26T00:00:00.000Z,
  },
  {
    "amountInEur": 10,
    "date": 2022-04-01T23:00:00.000Z,
  },
  {
    "amountInEur": 10,
    "date": 2022-04-08T23:00:00.000Z,
  },
  {
    "amountInEur": 10,
    "date": 2022-04-15T23:00:00.000Z,
  },
  {
    "amountInEur": 10,
    "date": 2022-04-22T23:00:00.000Z,
  },
  {
    "amountInEur": 10,
    "date": 2022-04-29T23:00:00.000Z,
  },
  {
    "amountInEur": 10,
    "date": 2022-05-06T23:00:00.000Z,
  },
  {
    "amountInEur": 10,
    "date": 2022-05-13T23:00:00.000Z,
  },
  {
    "amountInEur": 10,
    "date": 2022-05-20T23:00:00.000Z,
  },
  {
    "amountInEur": 10,
    "date": 2022-05-27T23:00:00.000Z,
  },
]
`;

exports[`buildPurchaseRequestList should calculate list for a yearly plan 1`] = `
[
  {
    "amountInEur": 1000,
    "date": 2011-01-01T00:00:00.000Z,
  },
  {
    "amountInEur": 1000,
    "date": 2012-01-01T00:00:00.000Z,
  },
  {
    "amountInEur": 1000,
    "date": 2013-01-01T00:00:00.000Z,
  },
  {
    "amountInEur": 1000,
    "date": 2014-01-01T00:00:00.000Z,
  },
  {
    "amountInEur": 1000,
    "date": 2015-01-01T00:00:00.000Z,
  },
  {
    "amountInEur": 1000,
    "date": 2016-01-01T00:00:00.000Z,
  },
  {
    "amountInEur": 1000,
    "date": 2017-01-01T00:00:00.000Z,
  },
  {
    "amountInEur": 1000,
    "date": 2018-01-01T00:00:00.000Z,
  },
  {
    "amountInEur": 1000,
    "date": 2019-01-01T00:00:00.000Z,
  },
  {
    "amountInEur": 1000,
    "date": 2020-01-01T00:00:00.000Z,
  },
  {
    "amountInEur": 1000,
    "date": 2021-01-01T00:00:00.000Z,
  },
  {
    "amountInEur": 1000,
    "date": 2022-01-01T00:00:00.000Z,
  },
  {
    "amountInEur": 1000,
    "date": 2023-01-01T00:00:00.000Z,
  },
]
`;
